
> quizzard@0.0.0 test
> jest

  console.warn
    IndexedDB save failed, falling back to localStorage: Error: IndexedDB not supported
        at C:\Users\XPS\Coding\Quizzard\Quizzard\src\shared\services\authStorage.ts:64:16
        at new Promise (<anonymous>)
        at AuthStorageService.initIndexedDB (C:\Users\XPS\Coding\Quizzard\Quizzard\src\shared\services\authStorage.ts:62:24)
        at AuthStorageService.initIndexedDB [as saveToIndexedDB] (C:\Users\XPS\Coding\Quizzard\Quizzard\src\shared\services\authStorage.ts:107:18)
        at AuthStorageService.saveToIndexedDB [as saveAuthData] (C:\Users\XPS\Coding\Quizzard\Quizzard\src\shared\services\authStorage.ts:332:20)
        at Object.saveAuthData (C:\Users\XPS\Coding\Quizzard\Quizzard\src\shared\__tests__\services\authStorage.test.ts:31:23)
        at Promise.finally.completed (C:\Users\XPS\Coding\Quizzard\Quizzard\node_modules\jest-circus\build\jestAdapterInit.js:1559:28)
        at new Promise (<anonymous>)
        at callAsyncCircusFn (C:\Users\XPS\Coding\Quizzard\Quizzard\node_modules\jest-circus\build\jestAdapterInit.js:1499:10)
        at _callCircusTest (C:\Users\XPS\Coding\Quizzard\Quizzard\node_modules\jest-circus\build\jestAdapterInit.js:1009:40)
        at processTicksAndRejections (node:internal/process/task_queues:105:5)
        at _runTest (C:\Users\XPS\Coding\Quizzard\Quizzard\node_modules\jest-circus\build\jestAdapterInit.js:949:3)
        at _runTestsForDescribeBlock (C:\Users\XPS\Coding\Quizzard\Quizzard\node_modules\jest-circus\build\jestAdapterInit.js:839:13)
        at _runTestsForDescribeBlock (C:\Users\XPS\Coding\Quizzard\Quizzard\node_modules\jest-circus\build\jestAdapterInit.js:829:11)
        at run (C:\Users\XPS\Coding\Quizzard\Quizzard\node_modules\jest-circus\build\jestAdapterInit.js:757:3)
        at runAndTransformResultsToJestFormat (C:\Users\XPS\Coding\Quizzard\Quizzard\node_modules\jest-circus\build\jestAdapterInit.js:1920:21)
        at jestAdapter (C:\Users\XPS\Coding\Quizzard\Quizzard\node_modules\jest-circus\build\runner.js:101:19)
        at runTestInternal (C:\Users\XPS\Coding\Quizzard\Quizzard\node_modules\jest-runner\build\testWorker.js:272:16)
        at runTest (C:\Users\XPS\Coding\Quizzard\Quizzard\node_modules\jest-runner\build\testWorker.js:340:7)
        at Object.worker (C:\Users\XPS\Coding\Quizzard\Quizzard\node_modules\jest-runner\build\testWorker.js:494:12)

    [0m [90m 128 |[39m       })[33m;[39m
     [90m 129 |[39m     } [36mcatch[39m (error) {
    [31m[1m>[22m[39m[90m 130 |[39m       console[33m.[39mwarn(
     [90m     |[39m               [31m[1m^[22m[39m
     [90m 131 |[39m         [32m"IndexedDB save failed, falling back to localStorage:"[39m[33m,[39m
     [90m 132 |[39m         error
     [90m 133 |[39m       )[33m;[39m[0m

      at AuthStorageService.warn [as saveToIndexedDB] (src/shared/services/authStorage.ts:130:15)
      at AuthStorageService.saveAuthData (src/shared/services/authStorage.ts:332:9)
      at Object.<anonymous> (src/shared/__tests__/services/authStorage.test.ts:31:5)

  console.warn
    Primary storage failed, using localStorage fallback: Error: IndexedDB not supported
        at C:\Users\XPS\Coding\Quizzard\Quizzard\src\shared\services\authStorage.ts:64:16
        at new Promise (<anonymous>)
        at AuthStorageService.initIndexedDB (C:\Users\XPS\Coding\Quizzard\Quizzard\src\shared\services\authStorage.ts:62:24)
        at AuthStorageService.initIndexedDB [as saveToIndexedDB] (C:\Users\XPS\Coding\Quizzard\Quizzard\src\shared\services\authStorage.ts:107:18)
        at AuthStorageService.saveToIndexedDB [as saveAuthData] (C:\Users\XPS\Coding\Quizzard\Quizzard\src\shared\services\authStorage.ts:332:20)
        at Object.saveAuthData (C:\Users\XPS\Coding\Quizzard\Quizzard\src\shared\__tests__\services\authStorage.test.ts:31:23)
        at Promise.finally.completed (C:\Users\XPS\Coding\Quizzard\Quizzard\node_modules\jest-circus\build\jestAdapterInit.js:1559:28)
        at new Promise (<anonymous>)
        at callAsyncCircusFn (C:\Users\XPS\Coding\Quizzard\Quizzard\node_modules\jest-circus\build\jestAdapterInit.js:1499:10)
        at _callCircusTest (C:\Users\XPS\Coding\Quizzard\Quizzard\node_modules\jest-circus\build\jestAdapterInit.js:1009:40)
        at processTicksAndRejections (node:internal/process/task_queues:105:5)
        at _runTest (C:\Users\XPS\Coding\Quizzard\Quizzard\node_modules\jest-circus\build\jestAdapterInit.js:949:3)
        at _runTestsForDescribeBlock (C:\Users\XPS\Coding\Quizzard\Quizzard\node_modules\jest-circus\build\jestAdapterInit.js:839:13)
        at _runTestsForDescribeBlock (C:\Users\XPS\Coding\Quizzard\Quizzard\node_modules\jest-circus\build\jestAdapterInit.js:829:11)
        at run (C:\Users\XPS\Coding\Quizzard\Quizzard\node_modules\jest-circus\build\jestAdapterInit.js:757:3)
        at runAndTransformResultsToJestFormat (C:\Users\XPS\Coding\Quizzard\Quizzard\node_modules\jest-circus\build\jestAdapterInit.js:1920:21)
        at jestAdapter (C:\Users\XPS\Coding\Quizzard\Quizzard\node_modules\jest-circus\build\runner.js:101:19)
        at runTestInternal (C:\Users\XPS\Coding\Quizzard\Quizzard\node_modules\jest-runner\build\testWorker.js:272:16)
        at runTest (C:\Users\XPS\Coding\Quizzard\Quizzard\node_modules\jest-runner\build\testWorker.js:340:7)
        at Object.worker (C:\Users\XPS\Coding\Quizzard\Quizzard\node_modules\jest-runner\build\testWorker.js:494:12)

    [0m [90m 338 |[39m     } [36mcatch[39m (error) {
     [90m 339 |[39m       [90m// If IndexedDB fails, fallback to localStorage[39m
    [31m[1m>[22m[39m[90m 340 |[39m       console[33m.[39mwarn(
     [90m     |[39m               [31m[1m^[22m[39m
     [90m 341 |[39m         [32m"Primary storage failed, using localStorage fallback:"[39m[33m,[39m
     [90m 342 |[39m         error
     [90m 343 |[39m       )[33m;[39m[0m

      at AuthStorageService.warn [as saveAuthData] (src/shared/services/authStorage.ts:340:15)
      at Object.<anonymous> (src/shared/__tests__/services/authStorage.test.ts:31:5)

  console.warn
    IndexedDB load failed: Error: IndexedDB not supported
        at C:\Users\XPS\Coding\Quizzard\Quizzard\src\shared\services\authStorage.ts:64:16
        at new Promise (<anonymous>)
        at AuthStorageService.initIndexedDB (C:\Users\XPS\Coding\Quizzard\Quizzard\src\shared\services\authStorage.ts:62:24)
        at AuthStorageService.initIndexedDB [as saveToIndexedDB] (C:\Users\XPS\Coding\Quizzard\Quizzard\src\shared\services\authStorage.ts:107:18)
        at AuthStorageService.saveToIndexedDB [as saveAuthData] (C:\Users\XPS\Coding\Quizzard\Quizzard\src\shared\services\authStorage.ts:332:20)
        at Object.saveAuthData (C:\Users\XPS\Coding\Quizzard\Quizzard\src\shared\__tests__\services\authStorage.test.ts:31:23)
        at Promise.finally.completed (C:\Users\XPS\Coding\Quizzard\Quizzard\node_modules\jest-circus\build\jestAdapterInit.js:1559:28)
        at new Promise (<anonymous>)
        at callAsyncCircusFn (C:\Users\XPS\Coding\Quizzard\Quizzard\node_modules\jest-circus\build\jestAdapterInit.js:1499:10)
        at _callCircusTest (C:\Users\XPS\Coding\Quizzard\Quizzard\node_modules\jest-circus\build\jestAdapterInit.js:1009:40)
        at processTicksAndRejections (node:internal/process/task_queues:105:5)
        at _runTest (C:\Users\XPS\Coding\Quizzard\Quizzard\node_modules\jest-circus\build\jestAdapterInit.js:949:3)
        at _runTestsForDescribeBlock (C:\Users\XPS\Coding\Quizzard\Quizzard\node_modules\jest-circus\build\jestAdapterInit.js:839:13)
        at _runTestsForDescribeBlock (C:\Users\XPS\Coding\Quizzard\Quizzard\node_modules\jest-circus\build\jestAdapterInit.js:829:11)
        at run (C:\Users\XPS\Coding\Quizzard\Quizzard\node_modules\jest-circus\build\jestAdapterInit.js:757:3)
        at runAndTransformResultsToJestFormat (C:\Users\XPS\Coding\Quizzard\Quizzard\node_modules\jest-circus\build\jestAdapterInit.js:1920:21)
        at jestAdapter (C:\Users\XPS\Coding\Quizzard\Quizzard\node_modules\jest-circus\build\runner.js:101:19)
        at runTestInternal (C:\Users\XPS\Coding\Quizzard\Quizzard\node_modules\jest-runner\build\testWorker.js:272:16)
        at runTest (C:\Users\XPS\Coding\Quizzard\Quizzard\node_modules\jest-runner\build\testWorker.js:340:7)
        at Object.worker (C:\Users\XPS\Coding\Quizzard\Quizzard\node_modules\jest-runner\build\testWorker.js:494:12)

    [0m [90m 174 |[39m       })[33m;[39m
     [90m 175 |[39m     } [36mcatch[39m (error) {
    [31m[1m>[22m[39m[90m 176 |[39m       console[33m.[39mwarn([32m"IndexedDB load failed:"[39m[33m,[39m error)[33m;[39m
     [90m     |[39m               [31m[1m^[22m[39m
     [90m 177 |[39m       [36mreturn[39m [36mnull[39m[33m;[39m
     [90m 178 |[39m     }
     [90m 179 |[39m   }[0m

      at AuthStorageService.warn [as loadFromIndexedDB] (src/shared/services/authStorage.ts:176:15)
      at AuthStorageService.loadAuthData (src/shared/services/authStorage.ts:354:22)
      at Object.<anonymous> (src/shared/__tests__/services/authStorage.test.ts:41:20)

  console.log
    Starting auth data deletion process...

      at AuthStorageService.log [as deleteAuthData] (src/shared/services/authStorage.ts:186:13)

  console.log
    Background sync service started

      at BackgroundSyncService.log [as start] (src/shared/services/backgroundSync.ts:49:13)

  console.log
    Background sync service stopped

      at BackgroundSyncService.log [as stop] (src/shared/services/backgroundSync.ts:69:13)

  console.error
    IndexedDB delete operation failed: Error: IndexedDB not supported
        at C:\Users\XPS\Coding\Quizzard\Quizzard\src\shared\services\authStorage.ts:64:16
        at new Promise (<anonymous>)
        at AuthStorageService.initIndexedDB (C:\Users\XPS\Coding\Quizzard\Quizzard\src\shared\services\authStorage.ts:62:24)
        at AuthStorageService.initIndexedDB [as saveToIndexedDB] (C:\Users\XPS\Coding\Quizzard\Quizzard\src\shared\services\authStorage.ts:107:18)
        at AuthStorageService.saveToIndexedDB [as saveAuthData] (C:\Users\XPS\Coding\Quizzard\Quizzard\src\shared\services\authStorage.ts:332:20)
        at Object.saveAuthData (C:\Users\XPS\Coding\Quizzard\Quizzard\src\shared\__tests__\services\authStorage.test.ts:31:23)
        at Promise.finally.completed (C:\Users\XPS\Coding\Quizzard\Quizzard\node_modules\jest-circus\build\jestAdapterInit.js:1559:28)
        at new Promise (<anonymous>)
        at callAsyncCircusFn (C:\Users\XPS\Coding\Quizzard\Quizzard\node_modules\jest-circus\build\jestAdapterInit.js:1499:10)
        at _callCircusTest (C:\Users\XPS\Coding\Quizzard\Quizzard\node_modules\jest-circus\build\jestAdapterInit.js:1009:40)
        at processTicksAndRejections (node:internal/process/task_queues:105:5)
        at _runTest (C:\Users\XPS\Coding\Quizzard\Quizzard\node_modules\jest-circus\build\jestAdapterInit.js:949:3)
        at _runTestsForDescribeBlock (C:\Users\XPS\Coding\Quizzard\Quizzard\node_modules\jest-circus\build\jestAdapterInit.js:839:13)
        at _runTestsForDescribeBlock (C:\Users\XPS\Coding\Quizzard\Quizzard\node_modules\jest-circus\build\jestAdapterInit.js:829:11)
        at run (C:\Users\XPS\Coding\Quizzard\Quizzard\node_modules\jest-circus\build\jestAdapterInit.js:757:3)
        at runAndTransformResultsToJestFormat (C:\Users\XPS\Coding\Quizzard\Quizzard\node_modules\jest-circus\build\jestAdapterInit.js:1920:21)
        at jestAdapter (C:\Users\XPS\Coding\Quizzard\Quizzard\node_modules\jest-circus\build\runner.js:101:19)
        at runTestInternal (C:\Users\XPS\Coding\Quizzard\Quizzard\node_modules\jest-runner\build\testWorker.js:272:16)
        at runTest (C:\Users\XPS\Coding\Quizzard\Quizzard\node_modules\jest-runner\build\testWorker.js:340:7)
        at Object.worker (C:\Users\XPS\Coding\Quizzard\Quizzard\node_modules\jest-runner\build\testWorker.js:494:12)

    [0m [90m 291 |[39m       })[33m;[39m
     [90m 292 |[39m     } [36mcatch[39m (error) {
    [31m[1m>[22m[39m[90m 293 |[39m       console[33m.[39merror([32m"IndexedDB delete operation failed:"[39m[33m,[39m error)[33m;[39m
     [90m     |[39m               [31m[1m^[22m[39m
     [90m 294 |[39m       [36mthrow[39m error[33m;[39m
     [90m 295 |[39m     }
     [90m 296 |[39m   }[0m

      at AuthStorageService.error [as deleteFromIndexedDB] (src/shared/services/authStorage.ts:293:15)
      at AuthStorageService.deleteAuthData (src/shared/services/authStorage.ts:193:9)
      at Object.<anonymous> (src/shared/__tests__/services/authStorage.test.ts:50:5)

  console.warn
    Failed to delete from IndexedDB: Error: IndexedDB not supported
        at C:\Users\XPS\Coding\Quizzard\Quizzard\src\shared\services\authStorage.ts:64:16
        at new Promise (<anonymous>)
        at AuthStorageService.initIndexedDB (C:\Users\XPS\Coding\Quizzard\Quizzard\src\shared\services\authStorage.ts:62:24)
        at AuthStorageService.initIndexedDB [as saveToIndexedDB] (C:\Users\XPS\Coding\Quizzard\Quizzard\src\shared\services\authStorage.ts:107:18)
        at AuthStorageService.saveToIndexedDB [as saveAuthData] (C:\Users\XPS\Coding\Quizzard\Quizzard\src\shared\services\authStorage.ts:332:20)
        at Object.saveAuthData (C:\Users\XPS\Coding\Quizzard\Quizzard\src\shared\__tests__\services\authStorage.test.ts:31:23)
        at Promise.finally.completed (C:\Users\XPS\Coding\Quizzard\Quizzard\node_modules\jest-circus\build\jestAdapterInit.js:1559:28)
        at new Promise (<anonymous>)
        at callAsyncCircusFn (C:\Users\XPS\Coding\Quizzard\Quizzard\node_modules\jest-circus\build\jestAdapterInit.js:1499:10)
        at _callCircusTest (C:\Users\XPS\Coding\Quizzard\Quizzard\node_modules\jest-circus\build\jestAdapterInit.js:1009:40)
        at processTicksAndRejections (node:internal/process/task_queues:105:5)
        at _runTest (C:\Users\XPS\Coding\Quizzard\Quizzard\node_modules\jest-circus\build\jestAdapterInit.js:949:3)
        at _runTestsForDescribeBlock (C:\Users\XPS\Coding\Quizzard\Quizzard\node_modules\jest-circus\build\jestAdapterInit.js:839:13)
        at _runTestsForDescribeBlock (C:\Users\XPS\Coding\Quizzard\Quizzard\node_modules\jest-circus\build\jestAdapterInit.js:829:11)
        at run (C:\Users\XPS\Coding\Quizzard\Quizzard\node_modules\jest-circus\build\jestAdapterInit.js:757:3)
        at runAndTransformResultsToJestFormat (C:\Users\XPS\Coding\Quizzard\Quizzard\node_modules\jest-circus\build\jestAdapterInit.js:1920:21)
        at jestAdapter (C:\Users\XPS\Coding\Quizzard\Quizzard\node_modules\jest-circus\build\runner.js:101:19)
        at runTestInternal (C:\Users\XPS\Coding\Quizzard\Quizzard\node_modules\jest-runner\build\testWorker.js:272:16)
        at runTest (C:\Users\XPS\Coding\Quizzard\Quizzard\node_modules\jest-runner\build\testWorker.js:340:7)
        at Object.worker (C:\Users\XPS\Coding\Quizzard\Quizzard\node_modules\jest-runner\build\testWorker.js:494:12)

    [0m [90m 195 |[39m         console[33m.[39mlog([32m"Successfully deleted auth data from IndexedDB"[39m)[33m;[39m
     [90m 196 |[39m       } [36mcatch[39m (error) {
    [31m[1m>[22m[39m[90m 197 |[39m         console[33m.[39mwarn([32m"Failed to delete from IndexedDB:"[39m[33m,[39m error)[33m;[39m
     [90m     |[39m                 [31m[1m^[22m[39m
     [90m 198 |[39m         [90m// Don't throw yet, try localStorage[39m
     [90m 199 |[39m       }
     [90m 200 |[39m     }[0m

      at AuthStorageService.warn [as deleteAuthData] (src/shared/services/authStorage.ts:197:17)
      at Object.<anonymous> (src/shared/__tests__/services/authStorage.test.ts:50:5)

  console.log
    Successfully removed auth data with key: quizzard-google-auth-token from localStorage

      at AuthStorageService.log [as deleteFromLocalStorage] (src/shared/services/authStorage.ts:235:15)

  console.log
    Successfully deleted auth data from localStorage

      at AuthStorageService.log [as deleteAuthData] (src/shared/services/authStorage.ts:206:15)

  console.log
    Auth data deletion completed. IndexedDB: false localStorage: true

      at AuthStorageService.log [as deleteAuthData] (src/shared/services/authStorage.ts:221:13)

  console.warn
    IndexedDB load failed: Error: IndexedDB not supported
        at C:\Users\XPS\Coding\Quizzard\Quizzard\src\shared\services\authStorage.ts:64:16
        at new Promise (<anonymous>)
        at AuthStorageService.initIndexedDB (C:\Users\XPS\Coding\Quizzard\Quizzard\src\shared\services\authStorage.ts:62:24)
        at AuthStorageService.initIndexedDB [as saveToIndexedDB] (C:\Users\XPS\Coding\Quizzard\Quizzard\src\shared\services\authStorage.ts:107:18)
        at AuthStorageService.saveToIndexedDB [as saveAuthData] (C:\Users\XPS\Coding\Quizzard\Quizzard\src\shared\services\authStorage.ts:332:20)
        at Object.saveAuthData (C:\Users\XPS\Coding\Quizzard\Quizzard\src\shared\__tests__\services\authStorage.test.ts:31:23)
        at Promise.finally.completed (C:\Users\XPS\Coding\Quizzard\Quizzard\node_modules\jest-circus\build\jestAdapterInit.js:1559:28)
        at new Promise (<anonymous>)
        at callAsyncCircusFn (C:\Users\XPS\Coding\Quizzard\Quizzard\node_modules\jest-circus\build\jestAdapterInit.js:1499:10)
        at _callCircusTest (C:\Users\XPS\Coding\Quizzard\Quizzard\node_modules\jest-circus\build\jestAdapterInit.js:1009:40)
        at processTicksAndRejections (node:internal/process/task_queues:105:5)
        at _runTest (C:\Users\XPS\Coding\Quizzard\Quizzard\node_modules\jest-circus\build\jestAdapterInit.js:949:3)
        at _runTestsForDescribeBlock (C:\Users\XPS\Coding\Quizzard\Quizzard\node_modules\jest-circus\build\jestAdapterInit.js:839:13)
        at _runTestsForDescribeBlock (C:\Users\XPS\Coding\Quizzard\Quizzard\node_modules\jest-circus\build\jestAdapterInit.js:829:11)
        at run (C:\Users\XPS\Coding\Quizzard\Quizzard\node_modules\jest-circus\build\jestAdapterInit.js:757:3)
        at runAndTransformResultsToJestFormat (C:\Users\XPS\Coding\Quizzard\Quizzard\node_modules\jest-circus\build\jestAdapterInit.js:1920:21)
        at jestAdapter (C:\Users\XPS\Coding\Quizzard\Quizzard\node_modules\jest-circus\build\runner.js:101:19)
        at runTestInternal (C:\Users\XPS\Coding\Quizzard\Quizzard\node_modules\jest-runner\build\testWorker.js:272:16)
        at runTest (C:\Users\XPS\Coding\Quizzard\Quizzard\node_modules\jest-runner\build\testWorker.js:340:7)
        at Object.worker (C:\Users\XPS\Coding\Quizzard\Quizzard\node_modules\jest-runner\build\testWorker.js:494:12)

    [0m [90m 174 |[39m       })[33m;[39m
     [90m 175 |[39m     } [36mcatch[39m (error) {
    [31m[1m>[22m[39m[90m 176 |[39m       console[33m.[39mwarn([32m"IndexedDB load failed:"[39m[33m,[39m error)[33m;[39m
     [90m     |[39m               [31m[1m^[22m[39m
     [90m 177 |[39m       [36mreturn[39m [36mnull[39m[33m;[39m
     [90m 178 |[39m     }
     [90m 179 |[39m   }[0m

      at AuthStorageService.warn [as loadFromIndexedDB] (src/shared/services/authStorage.ts:176:15)
      at AuthStorageService.loadAuthData (src/shared/services/authStorage.ts:354:22)
      at Object.<anonymous> (src/shared/__tests__/services/authStorage.test.ts:67:20)

--------------------------------------|---------|----------|---------|---------|-------------------------------------------------------------------------------------------------------------------------------
File                                  | % Stmts | % Branch | % Funcs | % Lines | Uncovered Line #s                                                                                                             
--------------------------------------|---------|----------|---------|---------|-------------------------------------------------------------------------------------------------------------------------------
All files                             |   61.84 |    57.05 |   61.64 |   62.02 |                                                                                                                               
 features/random-team-generator/utils |      64 |      100 |   33.33 |      65 |                                                                                                                               
  teamGenerator.ts                    |      64 |      100 |   33.33 |      65 | 48-71                                                                                                                         
 shared/components                    |   85.71 |      100 |     100 |     100 |                                                                                                                               
  AuthErrorNotification.tsx           |   85.71 |      100 |     100 |     100 |                                                                                                                               
 shared/hooks                         |     100 |      100 |     100 |     100 |                                                                                                                               
  useNetworkStatus.ts                 |     100 |      100 |     100 |     100 |                                                                                                                               
 shared/services                      |   56.86 |       50 |   58.49 |   56.85 |                                                                                                                               
  authStorage.ts                      |   44.44 |    46.15 |   46.42 |   44.37 | 68-90,103,109-126,143,149-172,194-195,208,214-218,239-240,249-250,256-289,305-306,321-322,334-336,356,361-391,403-406,426,430 
  backgroundSync.ts                   |   60.65 |    41.17 |   53.33 |   62.06 | 43,84-98,115,128,137-164                                                                                                      
  tokenRefresh.ts                     |   82.43 |     56.6 |     100 |   81.94 | 66-67,95-96,119-133,163,185                                                                                                   
 shared/utils                         |      88 |    81.25 |     100 |      88 |                                                                                                                               
  errorHandling.ts                    |      88 |    81.25 |     100 |      88 | 94,99,107                                                                                                                     
--------------------------------------|---------|----------|---------|---------|-------------------------------------------------------------------------------------------------------------------------------
